(local-venv) [] $ salt-ssh '*' state.apply 
[ERROR   ] Rendering exception occurred
Traceback (most recent call last):
  File "/home/xmsk/coding/test/salt/salt/salt/utils/templates.py", line 497, in render_jinja_tmpl
    output = template.render(**decoded_context)
  File "/home/xmsk/coding/test/salt/salt/local-venv/lib/python3.9/site-packages/jinja2/environment.py", line 1090, in render
    self.environment.handle_exception()
  File "/home/xmsk/coding/test/salt/salt/local-venv/lib/python3.9/site-packages/jinja2/environment.py", line 832, in handle_exception
    reraise(*rewrite_traceback_stack(source=source))
  File "/home/xmsk/coding/test/salt/salt/local-venv/lib/python3.9/site-packages/jinja2/_compat.py", line 28, in reraise
    raise value.with_traceback(tb)
  File "<template>", line 5, in top-level template code
jinja2.exceptions.UndefinedError: 'salt.loader_context.NamedLoaderContext object' has no attribute 'key'

During handling of the above exception, another exception occurred:

Traceback (most recent call last):
  File "/home/xmsk/coding/test/salt/salt/salt/utils/templates.py", line 261, in render_tmpl
    output = render_str(tmplstr, context, tmplpath)
  File "/home/xmsk/coding/test/salt/salt/salt/utils/templates.py", line 504, in render_jinja_tmpl
    raise SaltRenderError("Jinja variable {}{}".format(exc, out), buf=tmplstr)
salt.exceptions.SaltRenderError: Jinja variable 'salt.loader_context.NamedLoaderContext object' has no attribute 'key'
[CRITICAL] Rendering SLS 'base:complex' failed: Jinja variable 'salt.loader_context.NamedLoaderContext object' has no attribute 'key'
minion:
    - Rendering SLS 'base:complex' failed: Jinja variable 'salt.loader_context.NamedLoaderContext object' has no attribute 'key'
(local-venv) [] $ echo $?
0
